Analysis & Synthesis report for plaquinha
Sun Jul  2 12:28:01 2023
Quartus Prime Version 21.1.1 Build 850 06/23/2022 SJ Lite Edition


---------------------
; Table of Contents ;
---------------------
  1. Legal Notice
  2. Analysis & Synthesis Summary
  3. Analysis & Synthesis Settings
  4. Parallel Compilation
  5. Analysis & Synthesis Source Files Read
  6. Analysis & Synthesis Resource Usage Summary
  7. Analysis & Synthesis Resource Utilization by Entity
  8. Registers Removed During Synthesis
  9. Removed Registers Triggering Further Register Optimizations
 10. General Register Statistics
 11. Multiplexer Restructuring Statistics (Restructuring Performed)
 12. Port Connectivity Checks: "Timing_Reference:clock_divider"
 13. Port Connectivity Checks: "toplevel:up|banco_regs:banco_u|reg_16bits:reg_0"
 14. Port Connectivity Checks: "toplevel:up|uc:uc_u"
 15. Post-Synthesis Netlist Statistics for Top Partition
 16. Elapsed Time Per Partition
 17. Analysis & Synthesis Messages



----------------
; Legal Notice ;
----------------
Copyright (C) 2022  Intel Corporation. All rights reserved.
Your use of Intel Corporation's design tools, logic functions 
and other software and tools, and any partner logic 
functions, and any output files from any of the foregoing 
(including device programming or simulation files), and any 
associated documentation or information are expressly subject 
to the terms and conditions of the Intel Program License 
Subscription Agreement, the Intel Quartus Prime License Agreement,
the Intel FPGA IP License Agreement, or other applicable license
agreement, including, without limitation, that your use is for
the sole purpose of programming logic devices manufactured by
Intel and sold by Intel or its authorized distributors.  Please
refer to the applicable agreement for further details, at
https://fpgasoftware.intel.com/eula.



+----------------------------------------------------------------------------------+
; Analysis & Synthesis Summary                                                     ;
+------------------------------------+---------------------------------------------+
; Analysis & Synthesis Status        ; Successful - Sun Jul  2 12:28:00 2023       ;
; Quartus Prime Version              ; 21.1.1 Build 850 06/23/2022 SJ Lite Edition ;
; Revision Name                      ; plaquinha                                   ;
; Top-level Entity Name              ; plaquinha                                   ;
; Family                             ; MAX 10                                      ;
; Total logic elements               ; 7,402                                       ;
;     Total combinational functions  ; 3,274                                       ;
;     Dedicated logic registers      ; 4,200                                       ;
; Total registers                    ; 4200                                        ;
; Total pins                         ; 64                                          ;
; Total virtual pins                 ; 0                                           ;
; Total memory bits                  ; 0                                           ;
; Embedded Multiplier 9-bit elements ; 0                                           ;
; Total PLLs                         ; 0                                           ;
; UFM blocks                         ; 0                                           ;
; ADC blocks                         ; 0                                           ;
+------------------------------------+---------------------------------------------+


+------------------------------------------------------------------------------------------------------------+
; Analysis & Synthesis Settings                                                                              ;
+------------------------------------------------------------------+--------------------+--------------------+
; Option                                                           ; Setting            ; Default Value      ;
+------------------------------------------------------------------+--------------------+--------------------+
; Device                                                           ; 10M50DAF484C7G     ;                    ;
; Top-level entity name                                            ; plaquinha          ; plaquinha          ;
; Family name                                                      ; MAX 10             ; Cyclone V          ;
; Use smart compilation                                            ; Off                ; Off                ;
; Enable parallel Assembler and Timing Analyzer during compilation ; On                 ; On                 ;
; Enable compact report table                                      ; Off                ; Off                ;
; Restructure Multiplexers                                         ; Auto               ; Auto               ;
; Create Debugging Nodes for IP Cores                              ; Off                ; Off                ;
; Preserve fewer node names                                        ; On                 ; On                 ;
; Intel FPGA IP Evaluation Mode                                    ; Enable             ; Enable             ;
; Verilog Version                                                  ; Verilog_2001       ; Verilog_2001       ;
; VHDL Version                                                     ; VHDL_1993          ; VHDL_1993          ;
; State Machine Processing                                         ; Auto               ; Auto               ;
; Safe State Machine                                               ; Off                ; Off                ;
; Extract Verilog State Machines                                   ; On                 ; On                 ;
; Extract VHDL State Machines                                      ; On                 ; On                 ;
; Ignore Verilog initial constructs                                ; Off                ; Off                ;
; Iteration limit for constant Verilog loops                       ; 5000               ; 5000               ;
; Iteration limit for non-constant Verilog loops                   ; 250                ; 250                ;
; Add Pass-Through Logic to Inferred RAMs                          ; On                 ; On                 ;
; Infer RAMs from Raw Logic                                        ; On                 ; On                 ;
; Parallel Synthesis                                               ; On                 ; On                 ;
; DSP Block Balancing                                              ; Auto               ; Auto               ;
; NOT Gate Push-Back                                               ; On                 ; On                 ;
; Power-Up Don't Care                                              ; On                 ; On                 ;
; Remove Redundant Logic Cells                                     ; Off                ; Off                ;
; Remove Duplicate Registers                                       ; On                 ; On                 ;
; Ignore CARRY Buffers                                             ; Off                ; Off                ;
; Ignore CASCADE Buffers                                           ; Off                ; Off                ;
; Ignore GLOBAL Buffers                                            ; Off                ; Off                ;
; Ignore ROW GLOBAL Buffers                                        ; Off                ; Off                ;
; Ignore LCELL Buffers                                             ; Off                ; Off                ;
; Ignore SOFT Buffers                                              ; On                 ; On                 ;
; Limit AHDL Integers to 32 Bits                                   ; Off                ; Off                ;
; Optimization Technique                                           ; Balanced           ; Balanced           ;
; Carry Chain Length                                               ; 70                 ; 70                 ;
; Auto Carry Chains                                                ; On                 ; On                 ;
; Auto Open-Drain Pins                                             ; On                 ; On                 ;
; Perform WYSIWYG Primitive Resynthesis                            ; Off                ; Off                ;
; Auto ROM Replacement                                             ; On                 ; On                 ;
; Auto RAM Replacement                                             ; On                 ; On                 ;
; Auto DSP Block Replacement                                       ; On                 ; On                 ;
; Auto Shift Register Replacement                                  ; Auto               ; Auto               ;
; Allow Shift Register Merging across Hierarchies                  ; Auto               ; Auto               ;
; Auto Clock Enable Replacement                                    ; On                 ; On                 ;
; Strict RAM Replacement                                           ; Off                ; Off                ;
; Allow Synchronous Control Signals                                ; On                 ; On                 ;
; Force Use of Synchronous Clear Signals                           ; Off                ; Off                ;
; Auto RAM Block Balancing                                         ; On                 ; On                 ;
; Auto RAM to Logic Cell Conversion                                ; Off                ; Off                ;
; Auto Resource Sharing                                            ; Off                ; Off                ;
; Allow Any RAM Size For Recognition                               ; Off                ; Off                ;
; Allow Any ROM Size For Recognition                               ; Off                ; Off                ;
; Allow Any Shift Register Size For Recognition                    ; Off                ; Off                ;
; Use LogicLock Constraints during Resource Balancing              ; On                 ; On                 ;
; Ignore translate_off and synthesis_off directives                ; Off                ; Off                ;
; Timing-Driven Synthesis                                          ; On                 ; On                 ;
; Report Parameter Settings                                        ; On                 ; On                 ;
; Report Source Assignments                                        ; On                 ; On                 ;
; Report Connectivity Checks                                       ; On                 ; On                 ;
; Ignore Maximum Fan-Out Assignments                               ; Off                ; Off                ;
; Synchronization Register Chain Length                            ; 2                  ; 2                  ;
; Power Optimization During Synthesis                              ; Normal compilation ; Normal compilation ;
; HDL message level                                                ; Level2             ; Level2             ;
; Suppress Register Optimization Related Messages                  ; Off                ; Off                ;
; Number of Removed Registers Reported in Synthesis Report         ; 5000               ; 5000               ;
; Number of Swept Nodes Reported in Synthesis Report               ; 5000               ; 5000               ;
; Number of Inverted Registers Reported in Synthesis Report        ; 100                ; 100                ;
; Clock MUX Protection                                             ; On                 ; On                 ;
; Auto Gated Clock Conversion                                      ; Off                ; Off                ;
; Block Design Naming                                              ; Auto               ; Auto               ;
; SDC constraint protection                                        ; Off                ; Off                ;
; Synthesis Effort                                                 ; Auto               ; Auto               ;
; Shift Register Replacement - Allow Asynchronous Clear Signal     ; On                 ; On                 ;
; Pre-Mapping Resynthesis Optimization                             ; Off                ; Off                ;
; Analysis & Synthesis Message Level                               ; Medium             ; Medium             ;
; Disable Register Merging Across Hierarchies                      ; Auto               ; Auto               ;
; Resource Aware Inference For Block RAM                           ; On                 ; On                 ;
+------------------------------------------------------------------+--------------------+--------------------+


+------------------------------------------+
; Parallel Compilation                     ;
+----------------------------+-------------+
; Processors                 ; Number      ;
+----------------------------+-------------+
; Number detected on machine ; 4           ;
; Maximum allowed            ; 4           ;
;                            ;             ;
; Average used               ; 1.00        ;
; Maximum used               ; 4           ;
;                            ;             ;
; Usage by Processor         ; % Time Used ;
;     Processor 1            ; 100.0%      ;
;     Processor 2            ;   0.2%      ;
;     Processor 3            ;   0.1%      ;
;     Processor 4            ;   0.1%      ;
+----------------------------+-------------+


+--------------------------------------------------------------------------------------------------------------------------------------------------------+
; Analysis & Synthesis Source Files Read                                                                                                                 ;
+----------------------------------+-----------------+-----------------+-----------------------------------------------------------------------+---------+
; File Name with User-Entered Path ; Used in Netlist ; File Type       ; File Name with Absolute Path                                          ; Library ;
+----------------------------------+-----------------+-----------------+-----------------------------------------------------------------------+---------+
; ula.vhd                          ; yes             ; User VHDL File  ; F:/Victor/aula/arqcomp/micro-processor/plaquinha/ula.vhd              ;         ;
; uc.vhd                           ; yes             ; User VHDL File  ; F:/Victor/aula/arqcomp/micro-processor/plaquinha/uc.vhd               ;         ;
; toplevel.vhd                     ; yes             ; User VHDL File  ; F:/Victor/aula/arqcomp/micro-processor/plaquinha/toplevel.vhd         ;         ;
; Timing_Reference.vhd             ; yes             ; User VHDL File  ; F:/Victor/aula/arqcomp/micro-processor/plaquinha/Timing_Reference.vhd ;         ;
; state_machine.vhd                ; yes             ; User VHDL File  ; F:/Victor/aula/arqcomp/micro-processor/plaquinha/state_machine.vhd    ;         ;
; rom.vhd                          ; yes             ; User VHDL File  ; F:/Victor/aula/arqcomp/micro-processor/plaquinha/rom.vhd              ;         ;
; reg_16bits.vhd                   ; yes             ; User VHDL File  ; F:/Victor/aula/arqcomp/micro-processor/plaquinha/reg_16bits.vhd       ;         ;
; ram.vhd                          ; yes             ; User VHDL File  ; F:/Victor/aula/arqcomp/micro-processor/plaquinha/ram.vhd              ;         ;
; pc.vhd                           ; yes             ; User VHDL File  ; F:/Victor/aula/arqcomp/micro-processor/plaquinha/pc.vhd               ;         ;
; HexTo7Seg.vhd                    ; yes             ; User VHDL File  ; F:/Victor/aula/arqcomp/micro-processor/plaquinha/HexTo7Seg.vhd        ;         ;
; banco_regs.vhd                   ; yes             ; User VHDL File  ; F:/Victor/aula/arqcomp/micro-processor/plaquinha/banco_regs.vhd       ;         ;
; plaquinha.vhd                    ; yes             ; User VHDL File  ; F:/Victor/aula/arqcomp/micro-processor/plaquinha/plaquinha.vhd        ;         ;
+----------------------------------+-----------------+-----------------+-----------------------------------------------------------------------+---------+


+--------------------------------------------------------------+
; Analysis & Synthesis Resource Usage Summary                  ;
+---------------------------------------------+----------------+
; Resource                                    ; Usage          ;
+---------------------------------------------+----------------+
; Estimated Total logic elements              ; 7,402          ;
;                                             ;                ;
; Total combinational functions               ; 3274           ;
; Logic element usage by number of LUT inputs ;                ;
;     -- 4 input functions                    ; 2876           ;
;     -- 3 input functions                    ; 373            ;
;     -- <=2 input functions                  ; 25             ;
;                                             ;                ;
; Logic elements by mode                      ;                ;
;     -- normal mode                          ; 3213           ;
;     -- arithmetic mode                      ; 61             ;
;                                             ;                ;
; Total registers                             ; 4200           ;
;     -- Dedicated logic registers            ; 4200           ;
;     -- I/O registers                        ; 0              ;
;                                             ;                ;
; I/O pins                                    ; 64             ;
;                                             ;                ;
; Embedded Multiplier 9-bit elements          ; 0              ;
;                                             ;                ;
; Maximum fan-out node                        ; selected_clock ;
; Maximum fan-out                             ; 4200           ;
; Total fan-out                               ; 29639          ;
; Average fan-out                             ; 3.90           ;
+---------------------------------------------+----------------+


+--------------------------------------------------------------------------------------------------------------------------------------------------------------------------------------------------------------------------------------------------------------------------------------------------------+
; Analysis & Synthesis Resource Utilization by Entity                                                                                                                                                                                                                                                    ;
+-------------------------------------------+---------------------+---------------------------+-------------+------------+--------------+---------+-----------+------+--------------+------------+------------------------------------------------------------------------+---------------+--------------+
; Compilation Hierarchy Node                ; Combinational ALUTs ; Dedicated Logic Registers ; Memory Bits ; UFM Blocks ; DSP Elements ; DSP 9x9 ; DSP 18x18 ; Pins ; Virtual Pins ; ADC blocks ; Full Hierarchy Name                                                    ; Entity Name   ; Library Name ;
+-------------------------------------------+---------------------+---------------------------+-------------+------------+--------------+---------+-----------+------+--------------+------------+------------------------------------------------------------------------+---------------+--------------+
; |plaquinha                                ; 3274 (1)            ; 4200 (0)                  ; 0           ; 0          ; 0            ; 0       ; 0         ; 64   ; 0            ; 0          ; |plaquinha                                                             ; plaquinha     ; work         ;
;    |HexTo7Seg:reg_a_high_conv|            ; 7 (7)               ; 0 (0)                     ; 0           ; 0          ; 0            ; 0       ; 0         ; 0    ; 0            ; 0          ; |plaquinha|HexTo7Seg:reg_a_high_conv                                   ; HexTo7Seg     ; work         ;
;    |HexTo7Seg:reg_a_low_conv|             ; 7 (7)               ; 0 (0)                     ; 0           ; 0          ; 0            ; 0       ; 0         ; 0    ; 0            ; 0          ; |plaquinha|HexTo7Seg:reg_a_low_conv                                    ; HexTo7Seg     ; work         ;
;    |HexTo7Seg:reg_b_high_conv|            ; 7 (7)               ; 0 (0)                     ; 0           ; 0          ; 0            ; 0       ; 0         ; 0    ; 0            ; 0          ; |plaquinha|HexTo7Seg:reg_b_high_conv                                   ; HexTo7Seg     ; work         ;
;    |HexTo7Seg:reg_b_low_conv|             ; 7 (7)               ; 0 (0)                     ; 0           ; 0          ; 0            ; 0       ; 0         ; 0    ; 0            ; 0          ; |plaquinha|HexTo7Seg:reg_b_low_conv                                    ; HexTo7Seg     ; work         ;
;    |toplevel:up|                          ; 3245 (2754)         ; 4200 (0)                  ; 0           ; 0          ; 0            ; 0       ; 0         ; 0    ; 0            ; 0          ; |plaquinha|toplevel:up                                                 ; toplevel      ; work         ;
;       |banco_regs:banco_u|                ; 36 (36)             ; 64 (16)                   ; 0           ; 0          ; 0            ; 0       ; 0         ; 0    ; 0            ; 0          ; |plaquinha|toplevel:up|banco_regs:banco_u                              ; banco_regs    ; work         ;
;          |reg_16bits:\gen_regs:1:reg_i|   ; 0 (0)               ; 16 (16)                   ; 0           ; 0          ; 0            ; 0       ; 0         ; 0    ; 0            ; 0          ; |plaquinha|toplevel:up|banco_regs:banco_u|reg_16bits:\gen_regs:1:reg_i ; reg_16bits    ; work         ;
;          |reg_16bits:\gen_regs:2:reg_i|   ; 0 (0)               ; 16 (16)                   ; 0           ; 0          ; 0            ; 0       ; 0         ; 0    ; 0            ; 0          ; |plaquinha|toplevel:up|banco_regs:banco_u|reg_16bits:\gen_regs:2:reg_i ; reg_16bits    ; work         ;
;          |reg_16bits:\gen_regs:3:reg_i|   ; 0 (0)               ; 16 (16)                   ; 0           ; 0          ; 0            ; 0       ; 0         ; 0    ; 0            ; 0          ; |plaquinha|toplevel:up|banco_regs:banco_u|reg_16bits:\gen_regs:3:reg_i ; reg_16bits    ; work         ;
;       |pc:pc_u|                           ; 10 (10)             ; 8 (8)                     ; 0           ; 0          ; 0            ; 0       ; 0         ; 0    ; 0            ; 0          ; |plaquinha|toplevel:up|pc:pc_u                                         ; pc            ; work         ;
;       |ram:ram_u|                         ; 280 (280)           ; 4096 (4096)               ; 0           ; 0          ; 0            ; 0       ; 0         ; 0    ; 0            ; 0          ; |plaquinha|toplevel:up|ram:ram_u                                       ; ram           ; work         ;
;       |reg_16bits:accumulator_u|          ; 0 (0)               ; 16 (16)                   ; 0           ; 0          ; 0            ; 0       ; 0         ; 0    ; 0            ; 0          ; |plaquinha|toplevel:up|reg_16bits:accumulator_u                        ; reg_16bits    ; work         ;
;       |reg_16bits:instruction_register_u| ; 0 (0)               ; 12 (12)                   ; 0           ; 0          ; 0            ; 0       ; 0         ; 0    ; 0            ; 0          ; |plaquinha|toplevel:up|reg_16bits:instruction_register_u               ; reg_16bits    ; work         ;
;       |rom:rom_u|                         ; 33 (33)             ; 0 (0)                     ; 0           ; 0          ; 0            ; 0       ; 0         ; 0    ; 0            ; 0          ; |plaquinha|toplevel:up|rom:rom_u                                       ; rom           ; work         ;
;       |uc:uc_u|                           ; 44 (43)             ; 4 (2)                     ; 0           ; 0          ; 0            ; 0       ; 0         ; 0    ; 0            ; 0          ; |plaquinha|toplevel:up|uc:uc_u                                         ; uc            ; work         ;
;          |state_machine:uut1|             ; 1 (1)               ; 2 (2)                     ; 0           ; 0          ; 0            ; 0       ; 0         ; 0    ; 0            ; 0          ; |plaquinha|toplevel:up|uc:uc_u|state_machine:uut1                      ; state_machine ; work         ;
;       |ula:ula_u|                         ; 88 (88)             ; 0 (0)                     ; 0           ; 0          ; 0            ; 0       ; 0         ; 0    ; 0            ; 0          ; |plaquinha|toplevel:up|ula:ula_u                                       ; ula           ; work         ;
+-------------------------------------------+---------------------+---------------------------+-------------+------------+--------------+---------+-----------+------+--------------+------------+------------------------------------------------------------------------+---------------+--------------+
Note: For table entries with two numbers listed, the numbers in parentheses indicate the number of resources of the given type used by the specific entity alone. The numbers listed outside of parentheses indicate the total resources of the given type used by the specific entity and all of its sub-entities in the hierarchy.


+---------------------------------------------------------------------------------------------------------------------------------------------+
; Registers Removed During Synthesis                                                                                                          ;
+-------------------------------------------------------------------------+-------------------------------------------------------------------+
; Register name                                                           ; Reason for Removal                                                ;
+-------------------------------------------------------------------------+-------------------------------------------------------------------+
; toplevel:up|banco_regs:banco_u|reg_16bits:reg_0|data[0..15]             ; Stuck at GND due to stuck port data_in                            ;
; toplevel:up|reg_16bits:instruction_register_u|data[10,15]               ; Stuck at GND due to stuck port data_in                            ;
; toplevel:up|reg_16bits:instruction_register_u|data[7]                   ; Merged with toplevel:up|reg_16bits:instruction_register_u|data[4] ;
; toplevel:up|reg_16bits:instruction_register_u|data[6]                   ; Merged with toplevel:up|reg_16bits:instruction_register_u|data[5] ;
; toplevel:up|banco_regs:banco_u|reg_16bits:\gen_regs:7:reg_i|data[0..15] ; Stuck at GND due to stuck port clock_enable                       ;
; toplevel:up|banco_regs:banco_u|reg_16bits:\gen_regs:6:reg_i|data[0..15] ; Stuck at GND due to stuck port clock_enable                       ;
; toplevel:up|banco_regs:banco_u|reg_16bits:\gen_regs:5:reg_i|data[0..15] ; Stuck at GND due to stuck port clock_enable                       ;
; toplevel:up|banco_regs:banco_u|reg_16bits:\gen_regs:4:reg_i|data[0..15] ; Stuck at GND due to stuck port clock_enable                       ;
; Total Number of Removed Registers = 84                                  ;                                                                   ;
+-------------------------------------------------------------------------+-------------------------------------------------------------------+


+------------------------------------------------------------------------------------------------------------------------------------------------------------+
; Removed Registers Triggering Further Register Optimizations                                                                                                ;
+--------------------------------------------------------+---------------------------+-----------------------------------------------------------------------+
; Register name                                          ; Reason for Removal        ; Registers Removed due to This Register                                ;
+--------------------------------------------------------+---------------------------+-----------------------------------------------------------------------+
; toplevel:up|reg_16bits:instruction_register_u|data[10] ; Stuck at GND              ; toplevel:up|banco_regs:banco_u|reg_16bits:\gen_regs:7:reg_i|data[0],  ;
;                                                        ; due to stuck port data_in ; toplevel:up|banco_regs:banco_u|reg_16bits:\gen_regs:7:reg_i|data[1],  ;
;                                                        ;                           ; toplevel:up|banco_regs:banco_u|reg_16bits:\gen_regs:7:reg_i|data[2],  ;
;                                                        ;                           ; toplevel:up|banco_regs:banco_u|reg_16bits:\gen_regs:7:reg_i|data[3],  ;
;                                                        ;                           ; toplevel:up|banco_regs:banco_u|reg_16bits:\gen_regs:7:reg_i|data[4],  ;
;                                                        ;                           ; toplevel:up|banco_regs:banco_u|reg_16bits:\gen_regs:7:reg_i|data[5],  ;
;                                                        ;                           ; toplevel:up|banco_regs:banco_u|reg_16bits:\gen_regs:7:reg_i|data[6],  ;
;                                                        ;                           ; toplevel:up|banco_regs:banco_u|reg_16bits:\gen_regs:7:reg_i|data[7],  ;
;                                                        ;                           ; toplevel:up|banco_regs:banco_u|reg_16bits:\gen_regs:7:reg_i|data[8],  ;
;                                                        ;                           ; toplevel:up|banco_regs:banco_u|reg_16bits:\gen_regs:7:reg_i|data[9],  ;
;                                                        ;                           ; toplevel:up|banco_regs:banco_u|reg_16bits:\gen_regs:7:reg_i|data[10], ;
;                                                        ;                           ; toplevel:up|banco_regs:banco_u|reg_16bits:\gen_regs:7:reg_i|data[11], ;
;                                                        ;                           ; toplevel:up|banco_regs:banco_u|reg_16bits:\gen_regs:7:reg_i|data[12], ;
;                                                        ;                           ; toplevel:up|banco_regs:banco_u|reg_16bits:\gen_regs:7:reg_i|data[13], ;
;                                                        ;                           ; toplevel:up|banco_regs:banco_u|reg_16bits:\gen_regs:7:reg_i|data[14], ;
;                                                        ;                           ; toplevel:up|banco_regs:banco_u|reg_16bits:\gen_regs:7:reg_i|data[15], ;
;                                                        ;                           ; toplevel:up|banco_regs:banco_u|reg_16bits:\gen_regs:6:reg_i|data[0],  ;
;                                                        ;                           ; toplevel:up|banco_regs:banco_u|reg_16bits:\gen_regs:6:reg_i|data[1],  ;
;                                                        ;                           ; toplevel:up|banco_regs:banco_u|reg_16bits:\gen_regs:6:reg_i|data[2],  ;
;                                                        ;                           ; toplevel:up|banco_regs:banco_u|reg_16bits:\gen_regs:6:reg_i|data[3],  ;
;                                                        ;                           ; toplevel:up|banco_regs:banco_u|reg_16bits:\gen_regs:6:reg_i|data[4],  ;
;                                                        ;                           ; toplevel:up|banco_regs:banco_u|reg_16bits:\gen_regs:6:reg_i|data[5],  ;
;                                                        ;                           ; toplevel:up|banco_regs:banco_u|reg_16bits:\gen_regs:6:reg_i|data[6],  ;
;                                                        ;                           ; toplevel:up|banco_regs:banco_u|reg_16bits:\gen_regs:6:reg_i|data[7],  ;
;                                                        ;                           ; toplevel:up|banco_regs:banco_u|reg_16bits:\gen_regs:6:reg_i|data[8],  ;
;                                                        ;                           ; toplevel:up|banco_regs:banco_u|reg_16bits:\gen_regs:6:reg_i|data[9],  ;
;                                                        ;                           ; toplevel:up|banco_regs:banco_u|reg_16bits:\gen_regs:6:reg_i|data[10], ;
;                                                        ;                           ; toplevel:up|banco_regs:banco_u|reg_16bits:\gen_regs:6:reg_i|data[11], ;
;                                                        ;                           ; toplevel:up|banco_regs:banco_u|reg_16bits:\gen_regs:6:reg_i|data[12], ;
;                                                        ;                           ; toplevel:up|banco_regs:banco_u|reg_16bits:\gen_regs:6:reg_i|data[13], ;
;                                                        ;                           ; toplevel:up|banco_regs:banco_u|reg_16bits:\gen_regs:6:reg_i|data[14], ;
;                                                        ;                           ; toplevel:up|banco_regs:banco_u|reg_16bits:\gen_regs:6:reg_i|data[15], ;
;                                                        ;                           ; toplevel:up|banco_regs:banco_u|reg_16bits:\gen_regs:5:reg_i|data[0],  ;
;                                                        ;                           ; toplevel:up|banco_regs:banco_u|reg_16bits:\gen_regs:5:reg_i|data[1],  ;
;                                                        ;                           ; toplevel:up|banco_regs:banco_u|reg_16bits:\gen_regs:5:reg_i|data[2],  ;
;                                                        ;                           ; toplevel:up|banco_regs:banco_u|reg_16bits:\gen_regs:5:reg_i|data[3],  ;
;                                                        ;                           ; toplevel:up|banco_regs:banco_u|reg_16bits:\gen_regs:5:reg_i|data[4],  ;
;                                                        ;                           ; toplevel:up|banco_regs:banco_u|reg_16bits:\gen_regs:5:reg_i|data[5],  ;
;                                                        ;                           ; toplevel:up|banco_regs:banco_u|reg_16bits:\gen_regs:5:reg_i|data[6],  ;
;                                                        ;                           ; toplevel:up|banco_regs:banco_u|reg_16bits:\gen_regs:5:reg_i|data[7],  ;
;                                                        ;                           ; toplevel:up|banco_regs:banco_u|reg_16bits:\gen_regs:5:reg_i|data[8],  ;
;                                                        ;                           ; toplevel:up|banco_regs:banco_u|reg_16bits:\gen_regs:5:reg_i|data[9],  ;
;                                                        ;                           ; toplevel:up|banco_regs:banco_u|reg_16bits:\gen_regs:5:reg_i|data[10], ;
;                                                        ;                           ; toplevel:up|banco_regs:banco_u|reg_16bits:\gen_regs:5:reg_i|data[11], ;
;                                                        ;                           ; toplevel:up|banco_regs:banco_u|reg_16bits:\gen_regs:5:reg_i|data[12], ;
;                                                        ;                           ; toplevel:up|banco_regs:banco_u|reg_16bits:\gen_regs:5:reg_i|data[13], ;
;                                                        ;                           ; toplevel:up|banco_regs:banco_u|reg_16bits:\gen_regs:5:reg_i|data[14], ;
;                                                        ;                           ; toplevel:up|banco_regs:banco_u|reg_16bits:\gen_regs:5:reg_i|data[15], ;
;                                                        ;                           ; toplevel:up|banco_regs:banco_u|reg_16bits:\gen_regs:4:reg_i|data[0],  ;
;                                                        ;                           ; toplevel:up|banco_regs:banco_u|reg_16bits:\gen_regs:4:reg_i|data[1],  ;
;                                                        ;                           ; toplevel:up|banco_regs:banco_u|reg_16bits:\gen_regs:4:reg_i|data[2],  ;
;                                                        ;                           ; toplevel:up|banco_regs:banco_u|reg_16bits:\gen_regs:4:reg_i|data[3],  ;
;                                                        ;                           ; toplevel:up|banco_regs:banco_u|reg_16bits:\gen_regs:4:reg_i|data[4],  ;
;                                                        ;                           ; toplevel:up|banco_regs:banco_u|reg_16bits:\gen_regs:4:reg_i|data[5],  ;
;                                                        ;                           ; toplevel:up|banco_regs:banco_u|reg_16bits:\gen_regs:4:reg_i|data[6],  ;
;                                                        ;                           ; toplevel:up|banco_regs:banco_u|reg_16bits:\gen_regs:4:reg_i|data[7],  ;
;                                                        ;                           ; toplevel:up|banco_regs:banco_u|reg_16bits:\gen_regs:4:reg_i|data[8],  ;
;                                                        ;                           ; toplevel:up|banco_regs:banco_u|reg_16bits:\gen_regs:4:reg_i|data[9],  ;
;                                                        ;                           ; toplevel:up|banco_regs:banco_u|reg_16bits:\gen_regs:4:reg_i|data[10], ;
;                                                        ;                           ; toplevel:up|banco_regs:banco_u|reg_16bits:\gen_regs:4:reg_i|data[11], ;
;                                                        ;                           ; toplevel:up|banco_regs:banco_u|reg_16bits:\gen_regs:4:reg_i|data[12], ;
;                                                        ;                           ; toplevel:up|banco_regs:banco_u|reg_16bits:\gen_regs:4:reg_i|data[13], ;
;                                                        ;                           ; toplevel:up|banco_regs:banco_u|reg_16bits:\gen_regs:4:reg_i|data[14], ;
;                                                        ;                           ; toplevel:up|banco_regs:banco_u|reg_16bits:\gen_regs:4:reg_i|data[15]  ;
+--------------------------------------------------------+---------------------------+-----------------------------------------------------------------------+


+------------------------------------------------------+
; General Register Statistics                          ;
+----------------------------------------------+-------+
; Statistic                                    ; Value ;
+----------------------------------------------+-------+
; Total registers                              ; 4200  ;
; Number of registers using Synchronous Clear  ; 16    ;
; Number of registers using Synchronous Load   ; 24    ;
; Number of registers using Asynchronous Clear ; 4200  ;
; Number of registers using Asynchronous Load  ; 0     ;
; Number of registers using Clock Enable       ; 4182  ;
; Number of registers using Preset             ; 0     ;
+----------------------------------------------+-------+


+-----------------------------------------------------------------------------------------------------------------------------------------------------------------------+
; Multiplexer Restructuring Statistics (Restructuring Performed)                                                                                                        ;
+--------------------+-----------+---------------+----------------------+------------------------+------------+---------------------------------------------------------+
; Multiplexer Inputs ; Bus Width ; Baseline Area ; Area if Restructured ; Saving if Restructured ; Registered ; Example Multiplexer Output                              ;
+--------------------+-----------+---------------+----------------------+------------------------+------------+---------------------------------------------------------+
; 4:1                ; 16 bits   ; 32 LEs        ; 32 LEs               ; 0 LEs                  ; Yes        ; |plaquinha|toplevel:up|banco_regs:banco_u|out_signal[9] ;
; 257:1              ; 16 bits   ; 2736 LEs      ; 2736 LEs             ; 0 LEs                  ; Yes        ; |plaquinha|toplevel:up|reg_16bits:accumulator_u|data[3] ;
; 3:1                ; 2 bits    ; 4 LEs         ; 4 LEs                ; 0 LEs                  ; No         ; |plaquinha|toplevel:up|uc:uc_u|Mux41                    ;
; 4:1                ; 15 bits   ; 30 LEs        ; 30 LEs               ; 0 LEs                  ; No         ; |plaquinha|toplevel:up|ula:ula_u|result[1]              ;
; 14:1               ; 2 bits    ; 18 LEs        ; 2 LEs                ; 16 LEs                 ; No         ; |plaquinha|toplevel:up|uc:uc_u|Mux32                    ;
; 13:1               ; 2 bits    ; 16 LEs        ; 2 LEs                ; 14 LEs                 ; No         ; |plaquinha|toplevel:up|uc:uc_u|Mux28                    ;
; 15:1               ; 4 bits    ; 40 LEs        ; 8 LEs                ; 32 LEs                 ; No         ; |plaquinha|toplevel:up|ula_in_y_s[3]                    ;
+--------------------+-----------+---------------+----------------------+------------------------+------------+---------------------------------------------------------+


+-------------------------------------------------------------------------------------------------------------------+
; Port Connectivity Checks: "Timing_Reference:clock_divider"                                                        ;
+---------+--------+----------+-------------------------------------------------------------------------------------+
; Port    ; Type   ; Severity ; Details                                                                             ;
+---------+--------+----------+-------------------------------------------------------------------------------------+
; clk_xhz ; Output ; Info     ; Connected to dangling logic. Logic that only feeds a dangling port will be removed. ;
+---------+--------+----------+-------------------------------------------------------------------------------------+


+-----------------------------------------------------------------------------+
; Port Connectivity Checks: "toplevel:up|banco_regs:banco_u|reg_16bits:reg_0" ;
+--------+-------+----------+-------------------------------------------------+
; Port   ; Type  ; Severity ; Details                                         ;
+--------+-------+----------+-------------------------------------------------+
; reg_in ; Input ; Info     ; Stuck at GND                                    ;
+--------+-------+----------+-------------------------------------------------+


+-----------------------------------------------------------------------------------------------------------------------+
; Port Connectivity Checks: "toplevel:up|uc:uc_u"                                                                       ;
+-------------+--------+----------+-------------------------------------------------------------------------------------+
; Port        ; Type   ; Severity ; Details                                                                             ;
+-------------+--------+----------+-------------------------------------------------------------------------------------+
; state_debug ; Output ; Info     ; Connected to dangling logic. Logic that only feeds a dangling port will be removed. ;
+-------------+--------+----------+-------------------------------------------------------------------------------------+


+-----------------------------------------------------+
; Post-Synthesis Netlist Statistics for Top Partition ;
+-----------------------+-----------------------------+
; Type                  ; Count                       ;
+-----------------------+-----------------------------+
; boundary_port         ; 64                          ;
; cycloneiii_ff         ; 4200                        ;
;     CLR               ; 2                           ;
;     CLR SCLR SLD      ; 16                          ;
;     ENA CLR           ; 4174                        ;
;     ENA CLR SLD       ; 8                           ;
; cycloneiii_lcell_comb ; 3274                        ;
;     arith             ; 61                          ;
;         2 data inputs ; 1                           ;
;         3 data inputs ; 60                          ;
;     normal            ; 3213                        ;
;         0 data inputs ; 2                           ;
;         2 data inputs ; 22                          ;
;         3 data inputs ; 313                         ;
;         4 data inputs ; 2876                        ;
;                       ;                             ;
; Max LUT depth         ; 9.80                        ;
; Average LUT depth     ; 7.01                        ;
+-----------------------+-----------------------------+


+-------------------------------+
; Elapsed Time Per Partition    ;
+----------------+--------------+
; Partition Name ; Elapsed Time ;
+----------------+--------------+
; Top            ; 00:00:10     ;
+----------------+--------------+


+-------------------------------+
; Analysis & Synthesis Messages ;
+-------------------------------+
Info: *******************************************************************
Info: Running Quartus Prime Analysis & Synthesis
    Info: Version 21.1.1 Build 850 06/23/2022 SJ Lite Edition
    Info: Processing started: Sun Jul  2 12:27:39 2023
Info: Command: quartus_map --read_settings_files=on --write_settings_files=off plaquinha -c plaquinha
Warning (18236): Number of processors has not been specified which may cause overloading on shared machines.  Set the global assignment NUM_PARALLEL_PROCESSORS in your QSF to an appropriate value for best performance.
Info (20030): Parallel compilation is enabled and will use 4 of the 4 processors detected
Info (12021): Found 2 design units, including 1 entities, in source file ula.vhd
    Info (12022): Found design unit 1: ula-a_ula File: F:/Victor/aula/arqcomp/micro-processor/plaquinha/ula.vhd Line: 22
    Info (12023): Found entity 1: ula File: F:/Victor/aula/arqcomp/micro-processor/plaquinha/ula.vhd Line: 13
Info (12021): Found 2 design units, including 1 entities, in source file uc.vhd
    Info (12022): Found design unit 1: uc-a_uc File: F:/Victor/aula/arqcomp/micro-processor/plaquinha/uc.vhd Line: 32
    Info (12023): Found entity 1: uc File: F:/Victor/aula/arqcomp/micro-processor/plaquinha/uc.vhd Line: 5
Info (12021): Found 2 design units, including 1 entities, in source file toplevel.vhd
    Info (12022): Found design unit 1: toplevel-a_toplevel File: F:/Victor/aula/arqcomp/micro-processor/plaquinha/toplevel.vhd Line: 14
    Info (12023): Found entity 1: toplevel File: F:/Victor/aula/arqcomp/micro-processor/plaquinha/toplevel.vhd Line: 5
Info (12021): Found 2 design units, including 1 entities, in source file timing_reference.vhd
    Info (12022): Found design unit 1: Timing_Reference-freq_div File: F:/Victor/aula/arqcomp/micro-processor/plaquinha/Timing_Reference.vhd Line: 12
    Info (12023): Found entity 1: Timing_Reference File: F:/Victor/aula/arqcomp/micro-processor/plaquinha/Timing_Reference.vhd Line: 5
Info (12021): Found 2 design units, including 1 entities, in source file state_machine.vhd
    Info (12022): Found design unit 1: state_machine-a_state_machine File: F:/Victor/aula/arqcomp/micro-processor/plaquinha/state_machine.vhd Line: 12
    Info (12023): Found entity 1: state_machine File: F:/Victor/aula/arqcomp/micro-processor/plaquinha/state_machine.vhd Line: 5
Info (12021): Found 2 design units, including 1 entities, in source file rom.vhd
    Info (12022): Found design unit 1: rom-a_rom File: F:/Victor/aula/arqcomp/micro-processor/plaquinha/rom.vhd Line: 36
    Info (12023): Found entity 1: rom File: F:/Victor/aula/arqcomp/micro-processor/plaquinha/rom.vhd Line: 29
Info (12021): Found 2 design units, including 1 entities, in source file reg_16bits.vhd
    Info (12022): Found design unit 1: reg_16bits-arch_reg_16bits File: F:/Victor/aula/arqcomp/micro-processor/plaquinha/reg_16bits.vhd Line: 15
    Info (12023): Found entity 1: reg_16bits File: F:/Victor/aula/arqcomp/micro-processor/plaquinha/reg_16bits.vhd Line: 5
Info (12021): Found 2 design units, including 1 entities, in source file ram.vhd
    Info (12022): Found design unit 1: ram-a_ram File: F:/Victor/aula/arqcomp/micro-processor/plaquinha/ram.vhd Line: 16
    Info (12023): Found entity 1: ram File: F:/Victor/aula/arqcomp/micro-processor/plaquinha/ram.vhd Line: 5
Info (12021): Found 2 design units, including 1 entities, in source file pc.vhd
    Info (12022): Found design unit 1: pc-a_pc File: F:/Victor/aula/arqcomp/micro-processor/plaquinha/pc.vhd Line: 18
    Info (12023): Found entity 1: pc File: F:/Victor/aula/arqcomp/micro-processor/plaquinha/pc.vhd Line: 5
Info (12021): Found 2 design units, including 1 entities, in source file hexto7seg.vhd
    Info (12022): Found design unit 1: HexTo7Seg-Hex_to_7seg_arch File: F:/Victor/aula/arqcomp/micro-processor/plaquinha/HexTo7Seg.vhd Line: 11
    Info (12023): Found entity 1: HexTo7Seg File: F:/Victor/aula/arqcomp/micro-processor/plaquinha/HexTo7Seg.vhd Line: 4
Info (12021): Found 2 design units, including 1 entities, in source file banco_regs.vhd
    Info (12022): Found design unit 1: banco_regs-arch_banco_regs File: F:/Victor/aula/arqcomp/micro-processor/plaquinha/banco_regs.vhd Line: 22
    Info (12023): Found entity 1: banco_regs File: F:/Victor/aula/arqcomp/micro-processor/plaquinha/banco_regs.vhd Line: 5
Info (12021): Found 2 design units, including 1 entities, in source file plaquinha.vhd
    Info (12022): Found design unit 1: plaquinha-arq_plaq File: F:/Victor/aula/arqcomp/micro-processor/plaquinha/plaquinha.vhd Line: 23
    Info (12023): Found entity 1: plaquinha File: F:/Victor/aula/arqcomp/micro-processor/plaquinha/plaquinha.vhd Line: 5
Info (12127): Elaborating entity "plaquinha" for the top level hierarchy
Warning (10036): Verilog HDL or VHDL warning at plaquinha.vhd(53): object "divided_clock" assigned a value but never read File: F:/Victor/aula/arqcomp/micro-processor/plaquinha/plaquinha.vhd Line: 53
Info (12128): Elaborating entity "toplevel" for hierarchy "toplevel:up" File: F:/Victor/aula/arqcomp/micro-processor/plaquinha/plaquinha.vhd Line: 58
Warning (10036): Verilog HDL or VHDL warning at toplevel.vhd(108): object "state_DEBUG_s" assigned a value but never read File: F:/Victor/aula/arqcomp/micro-processor/plaquinha/toplevel.vhd Line: 108
Info (12128): Elaborating entity "rom" for hierarchy "toplevel:up|rom:rom_u" File: F:/Victor/aula/arqcomp/micro-processor/plaquinha/toplevel.vhd Line: 124
Info (12128): Elaborating entity "reg_16bits" for hierarchy "toplevel:up|reg_16bits:instruction_register_u" File: F:/Victor/aula/arqcomp/micro-processor/plaquinha/toplevel.vhd Line: 129
Warning (10492): VHDL Process Statement warning at reg_16bits.vhd(25): signal "write_enable" is read inside the Process Statement but isn't in the Process Statement's sensitivity list File: F:/Victor/aula/arqcomp/micro-processor/plaquinha/reg_16bits.vhd Line: 25
Info (12128): Elaborating entity "pc" for hierarchy "toplevel:up|pc:pc_u" File: F:/Victor/aula/arqcomp/micro-processor/plaquinha/toplevel.vhd Line: 145
Info (12128): Elaborating entity "uc" for hierarchy "toplevel:up|uc:uc_u" File: F:/Victor/aula/arqcomp/micro-processor/plaquinha/toplevel.vhd Line: 156
Warning (10492): VHDL Process Statement warning at uc.vhd(60): signal "state_s" is read inside the Process Statement but isn't in the Process Statement's sensitivity list File: F:/Victor/aula/arqcomp/micro-processor/plaquinha/uc.vhd Line: 60
Warning (10492): VHDL Process Statement warning at uc.vhd(60): signal "opcode_s" is read inside the Process Statement but isn't in the Process Statement's sensitivity list File: F:/Victor/aula/arqcomp/micro-processor/plaquinha/uc.vhd Line: 60
Warning (10492): VHDL Process Statement warning at uc.vhd(148): signal "instruction_in" is read inside the Process Statement but isn't in the Process Statement's sensitivity list File: F:/Victor/aula/arqcomp/micro-processor/plaquinha/uc.vhd Line: 148
Warning (10492): VHDL Process Statement warning at uc.vhd(204): signal "instruction_in" is read inside the Process Statement but isn't in the Process Statement's sensitivity list File: F:/Victor/aula/arqcomp/micro-processor/plaquinha/uc.vhd Line: 204
Warning (10492): VHDL Process Statement warning at uc.vhd(205): signal "instruction_in" is read inside the Process Statement but isn't in the Process Statement's sensitivity list File: F:/Victor/aula/arqcomp/micro-processor/plaquinha/uc.vhd Line: 205
Warning (10492): VHDL Process Statement warning at uc.vhd(261): signal "instruction_in" is read inside the Process Statement but isn't in the Process Statement's sensitivity list File: F:/Victor/aula/arqcomp/micro-processor/plaquinha/uc.vhd Line: 261
Warning (10492): VHDL Process Statement warning at uc.vhd(302): signal "instruction_in" is read inside the Process Statement but isn't in the Process Statement's sensitivity list File: F:/Victor/aula/arqcomp/micro-processor/plaquinha/uc.vhd Line: 302
Warning (10492): VHDL Process Statement warning at uc.vhd(358): signal "instruction_in" is read inside the Process Statement but isn't in the Process Statement's sensitivity list File: F:/Victor/aula/arqcomp/micro-processor/plaquinha/uc.vhd Line: 358
Warning (10492): VHDL Process Statement warning at uc.vhd(429): signal "instruction_in" is read inside the Process Statement but isn't in the Process Statement's sensitivity list File: F:/Victor/aula/arqcomp/micro-processor/plaquinha/uc.vhd Line: 429
Warning (10492): VHDL Process Statement warning at uc.vhd(470): signal "instruction_in" is read inside the Process Statement but isn't in the Process Statement's sensitivity list File: F:/Victor/aula/arqcomp/micro-processor/plaquinha/uc.vhd Line: 470
Warning (10492): VHDL Process Statement warning at uc.vhd(541): signal "instruction_in" is read inside the Process Statement but isn't in the Process Statement's sensitivity list File: F:/Victor/aula/arqcomp/micro-processor/plaquinha/uc.vhd Line: 541
Warning (10492): VHDL Process Statement warning at uc.vhd(648): signal "carry_s" is read inside the Process Statement but isn't in the Process Statement's sensitivity list File: F:/Victor/aula/arqcomp/micro-processor/plaquinha/uc.vhd Line: 648
Warning (10492): VHDL Process Statement warning at uc.vhd(704): signal "carry_s" is read inside the Process Statement but isn't in the Process Statement's sensitivity list File: F:/Victor/aula/arqcomp/micro-processor/plaquinha/uc.vhd Line: 704
Warning (10492): VHDL Process Statement warning at uc.vhd(760): signal "zero_s" is read inside the Process Statement but isn't in the Process Statement's sensitivity list File: F:/Victor/aula/arqcomp/micro-processor/plaquinha/uc.vhd Line: 760
Warning (10492): VHDL Process Statement warning at uc.vhd(816): signal "zero_s" is read inside the Process Statement but isn't in the Process Statement's sensitivity list File: F:/Victor/aula/arqcomp/micro-processor/plaquinha/uc.vhd Line: 816
Warning (10492): VHDL Process Statement warning at uc.vhd(863): signal "instruction_in" is read inside the Process Statement but isn't in the Process Statement's sensitivity list File: F:/Victor/aula/arqcomp/micro-processor/plaquinha/uc.vhd Line: 863
Warning (10492): VHDL Process Statement warning at uc.vhd(919): signal "instruction_in" is read inside the Process Statement but isn't in the Process Statement's sensitivity list File: F:/Victor/aula/arqcomp/micro-processor/plaquinha/uc.vhd Line: 919
Info (12128): Elaborating entity "state_machine" for hierarchy "toplevel:up|uc:uc_u|state_machine:uut1" File: F:/Victor/aula/arqcomp/micro-processor/plaquinha/uc.vhd Line: 47
Info (12128): Elaborating entity "ula" for hierarchy "toplevel:up|ula:ula_u" File: F:/Victor/aula/arqcomp/micro-processor/plaquinha/toplevel.vhd Line: 181
Info (12128): Elaborating entity "banco_regs" for hierarchy "toplevel:up|banco_regs:banco_u" File: F:/Victor/aula/arqcomp/micro-processor/plaquinha/toplevel.vhd Line: 190
Info (12128): Elaborating entity "ram" for hierarchy "toplevel:up|ram:ram_u" File: F:/Victor/aula/arqcomp/micro-processor/plaquinha/toplevel.vhd Line: 200
Info (12128): Elaborating entity "Timing_Reference" for hierarchy "Timing_Reference:clock_divider" File: F:/Victor/aula/arqcomp/micro-processor/plaquinha/plaquinha.vhd Line: 66
Warning (10492): VHDL Process Statement warning at Timing_Reference.vhd(28): signal "tmp" is read inside the Process Statement but isn't in the Process Statement's sensitivity list File: F:/Victor/aula/arqcomp/micro-processor/plaquinha/Timing_Reference.vhd Line: 28
Info (12128): Elaborating entity "HexTo7Seg" for hierarchy "HexTo7Seg:reg_a_low_conv" File: F:/Victor/aula/arqcomp/micro-processor/plaquinha/plaquinha.vhd Line: 71
Warning (19016): Clock multiplexers are found and protected
    Warning (19017): Found clock multiplexer selected_clock~0 File: F:/Victor/aula/arqcomp/micro-processor/plaquinha/plaquinha.vhd Line: 54
Info (286030): Timing-Driven Synthesis is running
Info (16010): Generating hard_block partition "hard_block:auto_generated_inst"
    Info (16011): Adding 0 node(s), including 0 DDIO, 0 PLL, 0 transceiver and 0 LCELL
Info (21057): Implemented 7483 device resources after synthesis - the final resource count might be different
    Info (21058): Implemented 4 input pins
    Info (21059): Implemented 60 output pins
    Info (21061): Implemented 7419 logic cells
Info: Quartus Prime Analysis & Synthesis was successful. 0 errors, 24 warnings
    Info: Peak virtual memory: 4836 megabytes
    Info: Processing ended: Sun Jul  2 12:28:01 2023
    Info: Elapsed time: 00:00:22
    Info: Total CPU time (on all processors): 00:00:31


